// Jest Snapshot v1, https://goo.gl/fbAQLP

exports[`Cell should render with specified color and size 1`] = `
<div
  className="grid-cell-1"
  style={
    Object {
      "height": "10px",
      "width": "10px",
    }
  }
>
  <div
    className="cell-body"
    style={
      Object {
        "background": "rgb(10, 11, 12)",
      }
    }
  />
</div>
`;
