// Jest Snapshot v1, https://goo.gl/fbAQLP

exports[`simulation controller /init should create a job with id and config 1`] = `
Object {
  "disease": Object {
    "death_rate": 0.2,
    "exposed_duration": 48,
    "high_transmission_rate": 0.5,
    "high_transmission_start_day": 16,
    "last_day": 22,
    "percentage_asymptomatic_population": 0.3,
    "percentage_severe_infected_population": 0.3,
    "pre_symptomatic_duration": 0,
    "regular_transmission_rate": 0.05,
    "regular_transmission_start_day": 10,
  },
  "enable_citizen_state_messages": false,
  "grid_size": 250,
  "hours": 10000,
  "interventions": Array [
    Object {
      "Vaccinate": Object {
        "at_hour": 5000,
        "percent": 0.2,
      },
    },
    Object {
      "Lockdown": Object {
        "at_number_of_infections": 100,
        "essential_workers_population": 0.1,
        "lock_down_period": 21,
      },
    },
    Object {
      "BuildNewHospital": Object {
        "spread_rate_threshold": 100,
      },
    },
  ],
  "population": Object {
    "Auto": Object {
      "number_of_agents": 10000,
      "public_transport_percentage": 0.2,
      "working_percentage": 0.7,
    },
  },
}
`;
