// Jest Snapshot v1, https://goo.gl/fbAQLP

exports[`JobsList should fetch simulations when id and view is not selected 1`] = `
Object {
  "asFragment": [Function],
  "baseElement": <body>
    <div>
      <div
        class="row jobs-list"
      >
        <div
          class="col-3"
        >
          <ul
            class="list-group scrollable"
          >
            <li
              class="list-group-item borderless item-less-padding"
            >
              <a
                class="no-link-formatting"
                href="/jobs/1234"
              >
                <div
                  class="card finished"
                >
                  <div
                    class="card-body card-body-less-padding"
                  >
                    <div
                      class="job-status"
                    >
                      Finished
                    </div>
                    <div
                      class="minor-details"
                    >
                      Simulation Id: 
                      1234
                       
                    </div>
                  </div>
                </div>
              </a>
            </li>
          </ul>
        </div>
        <div
          class="col-9"
        />
      </div>
    </div>
  </body>,
  "container": <div>
    <div
      class="row jobs-list"
    >
      <div
        class="col-3"
      >
        <ul
          class="list-group scrollable"
        >
          <li
            class="list-group-item borderless item-less-padding"
          >
            <a
              class="no-link-formatting"
              href="/jobs/1234"
            >
              <div
                class="card finished"
              >
                <div
                  class="card-body card-body-less-padding"
                >
                  <div
                    class="job-status"
                  >
                    Finished
                  </div>
                  <div
                    class="minor-details"
                  >
                    Simulation Id: 
                    1234
                     
                  </div>
                </div>
              </div>
            </a>
          </li>
        </ul>
      </div>
      <div
        class="col-9"
      />
    </div>
  </div>,
  "debug": [Function],
  "findAllByAltText": [Function],
  "findAllByDisplayValue": [Function],
  "findAllByLabelText": [Function],
  "findAllByPlaceholderText": [Function],
  "findAllByRole": [Function],
  "findAllByTestId": [Function],
  "findAllByText": [Function],
  "findAllByTitle": [Function],
  "findByAltText": [Function],
  "findByDisplayValue": [Function],
  "findByLabelText": [Function],
  "findByPlaceholderText": [Function],
  "findByRole": [Function],
  "findByTestId": [Function],
  "findByText": [Function],
  "findByTitle": [Function],
  "getAllByAltText": [Function],
  "getAllByDisplayValue": [Function],
  "getAllByLabelText": [Function],
  "getAllByPlaceholderText": [Function],
  "getAllByRole": [Function],
  "getAllByTestId": [Function],
  "getAllByText": [Function],
  "getAllByTitle": [Function],
  "getByAltText": [Function],
  "getByDisplayValue": [Function],
  "getByLabelText": [Function],
  "getByPlaceholderText": [Function],
  "getByRole": [Function],
  "getByTestId": [Function],
  "getByText": [Function],
  "getByTitle": [Function],
  "queryAllByAltText": [Function],
  "queryAllByDisplayValue": [Function],
  "queryAllByLabelText": [Function],
  "queryAllByPlaceholderText": [Function],
  "queryAllByRole": [Function],
  "queryAllByTestId": [Function],
  "queryAllByText": [Function],
  "queryAllByTitle": [Function],
  "queryByAltText": [Function],
  "queryByDisplayValue": [Function],
  "queryByLabelText": [Function],
  "queryByPlaceholderText": [Function],
  "queryByRole": [Function],
  "queryByTestId": [Function],
  "queryByText": [Function],
  "queryByTitle": [Function],
  "rerender": [Function],
  "unmount": [Function],
}
`;
